// Vitest Snapshot v1, https://vitest.dev/guide/snapshot.html

exports[`mount app with conversions 1`] = `
"
  <div id=\\"app\\" class=\\"history-viewer\\" data-url=\\"/api\\" data-v-app=\\"\\"><div class=\\"history-viewer\\"><div class=\\"btn-group\\" data-toggle=\\"buttons\\"><label class=\\"btn btn-default active\\"><input type=\\"radio\\" name=\\"mode\\"><span class=\\"fa fa-table\\"></span></label><label class=\\"btn btn-default\\"><input type=\\"radio\\" name=\\"mode\\"><span class=\\"fas fa-ellipsis-v\\"></span></label><label class=\\"btn btn-default\\"><input type=\\"radio\\" name=\\"mode\\"><span class=\\"fa fa-ellipsis-h\\"></span></label></div><div class=\\"viewport\\"><table class=\\"table table-striped\\" horizontal=\\"false\\"><thead><tr><th>Date</th><th>Message</th><th>Author</th></tr></thead><tbody><tr><td colspan=\\"3\\">No history entry yet.</td></tr></tbody></table></div></div></div>
  <div id=\\"app1\\" class=\\"history-viewer\\" data-url=\\"/api\\" data-modes=\\"table,horizontal\\" data-on-headers-render-table=\\"customOnHeadersRenderTable\\" data-v-app=\\"\\"><div class=\\"history-viewer\\"><div class=\\"btn-group\\" data-toggle=\\"buttons\\"><label class=\\"btn btn-default active\\"><input type=\\"radio\\" name=\\"mode\\"><span class=\\"fa fa-table\\"></span></label><label class=\\"btn btn-default\\"><input type=\\"radio\\" name=\\"mode\\"><span class=\\"fa fa-ellipsis-h\\"></span></label></div><div class=\\"viewport\\"><table class=\\"table table-striped\\" horizontal=\\"false\\"><thead></thead><tbody><tr><td colspan=\\"3\\">No history entry yet.</td></tr></tbody></table></div></div></div>"
`;
